../Core/Src/main.c:158:5:main	56	static
../Core/Src/main.c:277:6:SystemClock_Config	96	static
../Core/Src/main.c:327:13:MX_ADC1_Init	48	static
../Core/Src/main.c:394:13:MX_TIM2_Init	64	static
../Core/Src/main.c:453:13:MX_TIM3_Init	40	static
../Core/Src/main.c:498:13:MX_USART1_UART_Init	8	static
../Core/Src/main.c:533:13:MX_USART2_UART_Init	8	static
../Core/Src/main.c:568:13:MX_GPIO_Init	48	static
../Core/Src/main.c:618:6:user_pwm_setvalue	48	static
../Core/Src/main.c:632:9:readVoltage	8	static
../Core/Src/main.c:638:6:sendChar	24	static
../Core/Src/main.c:648:6:envia_para_node_mcu	24	static
../Core/Src/main.c:661:7:int_to_string	24	static
../Core/Src/main.c:674:6:sendString	16	static
../Core/Src/main.c:680:6:cli	24	static
../Core/Src/main.c:692:6:loudMode	8	static
../Core/Src/main.c:707:6:warningMode	8	static
../Core/Src/main.c:722:6:quietMode	8	static
../Core/Src/main.c:738:6:debugSwitch	24	static
../Core/Src/main.c:745:6:toggleTaskFcn	48	static
../Core/Src/main.c:845:6:StartDefaultTask	16	static
../Core/Src/main.c:864:6:HAL_TIM_PeriodElapsedCallback	16	static
../Core/Src/main.c:881:6:Error_Handler	4	static,ignoring_inline_asm
